data file binaryar.dat
           [,1]       [,2]       [,3]       [,4]
[1,] 0.24434343 0.12727273 0.08585859 0.07262626
[2,] 0.12727273 0.24242424 0.10101010 0.08686869
[3,] 0.08585859 0.10101010 0.25252525 0.11616162
[4,] 0.07262626 0.08686869 0.11616162 0.24434343
          [,1]      [,2]      [,3]      [,4]
[1,] 1.0000000 0.5229341 0.3456456 0.2972303
[2,] 0.5229341 1.0000000 0.4082483 0.3569233
[3,] 0.3456456 0.4082483 1.0000000 0.4676381
[4,] 0.2972303 0.3569233 0.4676381 1.0000000
mprobit.exch
Initial theta's from glm.fit: 
                    x            
-0.2167688  0.4604510  0.4000000 
#clusters=200 before quasi-Newton
curr val 458.3640 at   -0.2168   0.4605   0.4000
grad vec:      0.9480     -1.9065    -82.5887
curr val 480.3067 at   -0.2225   0.4720   0.8998
curr val 451.6680 at   -0.2179   0.4628   0.5000
grad vec:     -0.3787     -0.2616    -51.3600
curr val 474.3668 at    0.1418   0.1201   0.5565
curr val 452.0853 at   -0.1460   0.3942   0.5113
curr val 451.5901 at   -0.2035   0.4491   0.5022
grad vec:      3.0503     -2.5311    -51.0941
curr val 472.6509 at   -0.4729   0.0508   0.6394
curr val 451.2900 at   -0.2574   0.3694   0.5297
grad vec:    -10.8856    -17.0937    -43.0741
curr val 830.2764 at   -0.1622   0.5399   0.9900
curr val 448.1136 at   -0.2384   0.4035   0.6217
grad vec:     -6.9055     -8.6240    -11.2853
curr val 447.7230 at   -0.2099   0.4453   0.6531
grad vec:     -0.8099      1.8007      3.2593
curr val 447.7054 at   -0.2066   0.4384   0.6460
grad vec:     -0.0326     -0.0268     -0.3244
curr val 447.7053 at   -0.2064   0.4383   0.6468
grad vec:     -0.0053     -0.0104      0.0001
curr val 447.7053 at   -0.2064   0.4384   0.6467
grad vec:      0.0001      0.0007      0.0001

Neg log-likelihood = 447.7053, end code =   0

Parameter estimates and standard errors
   -0.2064   0.0677
    0.4384   0.0695
    0.6467   0.0487

Estimated asymptotic covariance matrix
   0.004583  -0.000184   0.000208
  -0.000184   0.004837  -0.000598
   0.000208  -0.000598   0.002375
$negloglik
[1] 447.7053

$beta
[1] -0.2063665  0.4383553

$rho
[1] 0.6467471

$cov
              [,1]          [,2]          [,3]
[1,]  0.0045829056 -0.0001838956  0.0002075346
[2,] -0.0001838956  0.0048365025 -0.0005983389
[3,]  0.0002075346 -0.0005983389  0.0023749525

============================================================
mprobit.ar
Initial theta's from glm.fit 
                    x            
-0.2167688  0.4604510  0.4000000 
#clusters=200 before quasi-Newton
curr val 467.5779 at   -0.2168   0.4605   0.4000
grad vec:      4.0614      1.1342   -113.8684
curr val 457.4845 at   -0.2346   0.4555   0.8997
grad vec:     -7.8085     18.4566    248.6080
curr val 490.3145 at   -0.2597  -0.0439   0.8967
curr val 456.9492 at   -0.2396   0.3556   0.8991
grad vec:     -9.3882     -9.5508    225.3888
curr val 463.2715 at    0.0266   0.6233   0.5713
curr val 447.4498 at   -0.1864   0.4091   0.8335
grad vec:      3.6769     -0.8553     77.1593
curr val 468.3647 at   -0.6807   0.4716   0.7918
curr val 447.4649 at   -0.2852   0.4216   0.8252
curr val 447.2897 at   -0.2061   0.4116   0.8318
grad vec:     -0.2537     -0.4867     75.7020
curr val 445.2778 at   -0.2223   0.4283   0.7957
grad vec:     -2.2703      4.0634     40.9872
curr val 444.3355 at   -0.2190   0.4165   0.7543
grad vec:     -0.6188     -0.6085      6.1581
curr val 444.3083 at   -0.2168   0.4191   0.7469
grad vec:      0.0288     -0.3150      1.2702
curr val 444.3073 at   -0.2172   0.4206   0.7448
grad vec:     -0.0018     -0.0863      0.0145
curr val 444.3072 at   -0.2172   0.4209   0.7447
grad vec:      0.0023     -0.0172     -0.0137
curr val 444.3072 at   -0.2172   0.4210   0.7448
grad vec:      0.0001     -0.0000     -0.0015

Neg log-likelihood = 444.3072, end code =   0

Parameter estimates and standard errors
   -0.2172   0.0687
    0.4210   0.0665
    0.7448   0.0384

Estimated asymptotic covariance matrix
   0.004718  -0.000153   0.000196
  -0.000153   0.004426  -0.000289
   0.000196  -0.000289   0.001478
$negloglik
[1] 444.3072

$beta
[1] -0.2172421  0.4210092

$rho
[1] 0.7447633

$cov
              [,1]          [,2]          [,3]
[1,]  0.0047175874 -0.0001529996  0.0001959760
[2,] -0.0001529996  0.0044259877 -0.0002890860
[3,]  0.0001959760 -0.0002890860  0.0014777201

============================================================
mprobit.unstr
Initial theta's from glm.fit: 
                    x                                                        
-0.2167688  0.4604510  0.4500000  0.4500000  0.4500000  0.4500000  0.4500000 
           
 0.4500000 
#clusters=200
curr val 454.8134 at   -0.2168   0.4605   0.4500   0.4500   0.4500   0.4500   0.4500   0.4500
grad vec:     -0.0118     -0.5218    -15.2946     -7.6486     10.8681    -28.3553     -0.8957    -24.1471
curr val 444.4271 at   -0.2166   0.4666   0.6303   0.5402   0.3219   0.7843   0.4606   0.7347
grad vec:      5.0174      3.9178      2.6147    -15.4454     -3.0110     18.4489    -19.2970     16.3087
curr val 1000000000.0000 at   -0.2939   0.4126   0.7779   0.8724   0.2348   0.8481   0.7692   0.7798
curr val 443.3433 at   -0.2321   0.4558   0.6598   0.6066   0.3045   0.7971   0.5223   0.7437
grad vec:      1.1703      1.8725      4.6542     -2.8025    -11.6033     11.2952     -9.1877     13.2746
curr val 472.3863 at   -0.2328   0.4161   0.7521   0.7187   0.6517   0.9916   0.7844   0.7286
curr val 442.9091 at   -0.2322   0.4479   0.6783   0.6290   0.3739   0.8360   0.5747   0.7407
grad vec:     -0.5014      1.5900      6.1803     -5.7548     -6.3533     22.6964     -5.6351      6.8655
curr val 462.2201 at   -0.1470   0.4189   0.7441   0.7860   0.7382   0.7886   0.7371   0.9679
curr val 442.7069 at   -0.2152   0.4421   0.6914   0.6604   0.4468   0.8265   0.6072   0.7861
grad vec:      2.4066      2.0252      4.9342     -1.7488     -2.3969     15.1838     -5.4380     17.6203
curr val 1000000000.0000 at   -0.0906   0.2966   1.0698   0.6981   0.5714   0.6997   0.4769   0.6442
curr val 443.4967 at   -0.1903   0.4130   0.7671   0.6679   0.4717   0.8012   0.5811   0.7577
curr val 442.6663 at   -0.2102   0.4362   0.7066   0.6619   0.4518   0.8214   0.6020   0.7804
grad vec:      3.1172      1.1809      8.9262     -2.9158     -1.9635     12.5435     -5.4912     15.5148
curr val 483.4130 at   -0.1276   0.2739   0.6069   0.9340   0.5839   0.8145   0.3301   0.5770
curr val 443.1052 at   -0.1937   0.4038   0.6866   0.7163   0.4782   0.8201   0.5476   0.7397
curr val 442.5711 at   -0.2069   0.4297   0.7026   0.6728   0.4570   0.8212   0.5911   0.7723
grad vec:      3.9231     -0.6180      6.1381      0.1117     -1.2769     12.9864     -7.1842     13.6204
curr val 459.1427 at   -0.4401   0.6587   0.5093   0.5844   0.5791   0.6075   0.6011   0.5790
curr val 442.3506 at   -0.2535   0.4755   0.6639   0.6551   0.4815   0.7784   0.5931   0.7336
grad vec:     -6.8977      8.1447      0.7324     -0.2467      5.0779     -2.2661      1.4829     -0.7863
curr val 460.6261 at   -0.0533   0.2478   0.4651   0.4260   0.3950   0.7106   0.8233   0.7035
curr val 442.5774 at   -0.2135   0.4300   0.6242   0.6093   0.4642   0.7649   0.6391   0.7276
curr val 442.2537 at   -0.2455   0.4664   0.6560   0.6460   0.4780   0.7757   0.6023   0.7324
grad vec:     -5.3068      6.3487     -0.7631     -1.0615      4.5705     -2.4368      3.1238     -1.2407
curr val 448.9297 at   -0.3981   0.2753   0.6531   0.5986   0.4603   0.7586   0.5575   0.7725
curr val 442.4360 at   -0.2761   0.4282   0.6554   0.6365   0.4745   0.7723   0.5933   0.7405
curr val 442.2439 at   -0.2516   0.4588   0.6559   0.6441   0.4773   0.7750   0.6005   0.7340
grad vec:     -6.6754      4.6709     -0.8847     -1.3061      4.5436     -2.5937      2.6572     -0.7398
curr val 456.1619 at   -0.0192   0.3025   0.6847   0.6227   0.1182   0.7833   0.4147   0.6517
curr val 442.1451 at   -0.2052   0.4275   0.6616   0.6398   0.4055   0.7767   0.5634   0.7176
grad vec:      4.5445     -2.7802      0.8940      1.1317     -3.9929     -0.4617     -1.2403     -0.3352
curr val 441.9958 at   -0.2238   0.4380   0.6615   0.6441   0.4410   0.7803   0.5805   0.7273
grad vec:     -0.1080     -0.0498      0.2660      0.0460     -0.1413     -0.1619     -0.1605     -0.2236
curr val 441.9945 at   -0.2233   0.4380   0.6609   0.6442   0.4431   0.7809   0.5827   0.7286
grad vec:     -0.0250     -0.0122      0.0624      0.0013      0.0358     -0.0904      0.0174     -0.0953
curr val 441.9944 at   -0.2233   0.4382   0.6607   0.6441   0.4429   0.7811   0.5828   0.7290
grad vec:     -0.0030      0.0189      0.0118     -0.0025      0.0101     -0.0097      0.0014      0.0006
curr val 441.9944 at   -0.2233   0.4381   0.6606   0.6441   0.4428   0.7812   0.5828   0.7290
curr val 441.9944 at   -0.2233   0.4381   0.6607   0.6441   0.4429   0.7811   0.5828   0.7290

Neg log-likelihood = 441.9944, end code =   0

Parameter estimates and standard errors
   -0.2233   0.0679
    0.4382   0.0712
    0.6607   0.0743
    0.6441   0.0806
    0.4429   0.1033
    0.7811   0.0601
    0.5828   0.0881
    0.7290   0.0658

Estimated asymptotic covariance matrix
   0.004613  -0.000387   0.000070  -0.000002   0.000756  -0.000078   0.000295  -0.000093
  -0.000387   0.005069  -0.001002  -0.000368  -0.001184  -0.000508  -0.001037  -0.000709
   0.000070  -0.001002   0.005518   0.003175   0.002451   0.001100   0.000754   0.000438
  -0.000002  -0.000368   0.003175   0.006502   0.003221   0.001618   0.001291   0.000700
   0.000756  -0.001184   0.002451   0.003221   0.010662   0.000821   0.002944   0.001840
  -0.000078  -0.000508   0.001100   0.001618   0.000821   0.003614   0.001868   0.001042
   0.000295  -0.001037   0.000754   0.001291   0.002944   0.001868   0.007754   0.002545
  -0.000093  -0.000709   0.000438   0.000700   0.001840   0.001042   0.002545   0.004324
$negloglik
[1] 441.9944

$mle
[1] -0.2232799  0.4381583  0.6606625  0.6441161  0.4429041  0.7811392  0.5828441
[8]  0.7289566

$beta
[1] -0.2232799  0.4381583

$R
          [,1]      [,2]      [,3]      [,4]
[1,] 1.0000000 0.6606625 0.6441161 0.4429041
[2,] 0.6606625 1.0000000 0.7811392 0.5828441
[3,] 0.6441161 0.7811392 1.0000000 0.7289566
[4,] 0.4429041 0.5828441 0.7289566 1.0000000

$cov
              [,1]          [,2]          [,3]          [,4]          [,5]
[1,]  4.613078e-03 -0.0003869443  6.962858e-05 -2.255102e-06  0.0007563345
[2,] -3.869443e-04  0.0050687987 -1.001649e-03 -3.683871e-04 -0.0011837296
[3,]  6.962858e-05 -0.0010016492  5.518014e-03  3.175140e-03  0.0024508829
[4,] -2.255102e-06 -0.0003683871  3.175140e-03  6.502055e-03  0.0032210316
[5,]  7.563345e-04 -0.0011837296  2.450883e-03  3.221032e-03  0.0106618882
[6,] -7.800354e-05 -0.0005083662  1.100161e-03  1.617585e-03  0.0008206793
[7,]  2.947703e-04 -0.0010371342  7.536459e-04  1.291290e-03  0.0029435917
[8,] -9.254183e-05 -0.0007091922  4.380534e-04  7.000878e-04  0.0018402325
              [,6]          [,7]          [,8]
[1,] -7.800354e-05  0.0002947703 -9.254183e-05
[2,] -5.083662e-04 -0.0010371342 -7.091922e-04
[3,]  1.100161e-03  0.0007536459  4.380534e-04
[4,]  1.617585e-03  0.0012912900  7.000878e-04
[5,]  8.206793e-04  0.0029435917  1.840232e-03
[6,]  3.614259e-03  0.0018677610  1.041587e-03
[7,]  1.867761e-03  0.0077539099  2.545314e-03
[8,]  1.041587e-03  0.0025453139  4.324354e-03

============================================================
mprobit.unstr: different starting point
Initial theta's from glm.fit: 
[1] 0.4 0.9 0.5 0.7 0.7 0.6 0.8 0.4
#clusters=200
curr val 540.1401 at    0.4000   0.9000   0.5000   0.7000   0.7000   0.6000   0.8000   0.4000
grad vec:    139.0426     63.9845   -109.5259     64.1748    125.6629     28.5908    122.7665    -98.9259
curr val 474.5129 at    0.1557   0.7876   0.6924   0.5873   0.4792   0.5498   0.5843   0.5738
grad vec:     86.1433     60.3949     10.3804     -4.3096     -0.2536    -29.0742     10.7143    -11.8520
curr val 445.2096 at   -0.2217   0.5137   0.6119   0.6259   0.5154   0.6981   0.5667   0.6036
grad vec:     -0.9861     12.3821     -7.2591      2.8583     12.8280    -11.4602      5.7586    -20.2280
curr val 1000000000.0000 at   -0.0778   0.2977   0.5932   0.6639   0.4339   1.0009   0.6164   0.8865
curr val 443.3090 at   -0.1929   0.4705   0.6081   0.6335   0.4991   0.7587   0.5766   0.6601
grad vec:      6.0710      5.9255    -10.1565      1.7018     10.2328     -0.9556      3.1662    -14.5159
curr val 1000000000.0000 at   -0.2430   0.4385   0.7660   0.8105   0.4854   0.7578   0.9007   0.9517
curr val 442.8693 at   -0.2029   0.4641   0.6397   0.6689   0.4963   0.7585   0.6414   0.7185
grad vec:      3.4021      5.4182     -6.3115      5.8995      5.1146     -8.7973     12.5413     -7.4339
curr val 1000000000.0000 at   -0.2764   0.6071   0.9404   0.7320   0.7325   0.9840   0.6801   0.8655
curr val 443.1572 at   -0.2176   0.4927   0.6998   0.6815   0.5436   0.8036   0.6492   0.7479
curr val 442.7968 at   -0.2059   0.4698   0.6517   0.6714   0.5058   0.7675   0.6430   0.7243
grad vec:      2.6511      7.2348     -4.6625      5.1482      5.9934     -7.3418     11.7681     -6.5371
curr val 506.3796 at   -0.1020   0.2380   0.9712   0.8757   0.6794   0.7532   0.5605   0.6573
curr val 443.3341 at   -0.1851   0.4234   0.7156   0.7123   0.5405   0.7647   0.6265   0.7109
curr val 442.7757 at   -0.2017   0.4605   0.6645   0.6796   0.5127   0.7670   0.6397   0.7217
grad vec:      3.3087      5.5730     -2.7002      6.2679      6.2057     -8.2273     10.9459     -7.4963
curr val 459.1472 at   -0.1887   0.3602   0.5989   0.6405   0.6580   0.7173   0.5186   0.9173
curr val 442.8068 at   -0.1991   0.4405   0.6514   0.6718   0.5418   0.7570   0.6155   0.7608
curr val 442.7106 at   -0.2012   0.4565   0.6619   0.6780   0.5185   0.7650   0.6348   0.7295
grad vec:      3.4213      4.9258     -3.2508      5.6770      7.0171     -8.4451      9.3564     -5.3644
curr val 1000000000.0000 at   -0.2551   0.2324   0.7284   0.5326   0.2929   1.1103   0.6048   0.7448
curr val 442.5377 at   -0.2120   0.4117   0.6752   0.6490   0.4734   0.8340   0.6288   0.7326
grad vec:      1.5291     -4.7639     -0.3441     -3.0657      2.1828     16.5412      4.0705     -4.7771
curr val 1000000000.0000 at   -0.2622   0.5387   0.5776   1.0216   0.3077   0.9342   0.4198   0.7746
curr val 443.5427 at   -0.2220   0.4371   0.6557   0.7235   0.4403   0.8541   0.5870   0.7410
curr val 442.5284 at   -0.2140   0.4168   0.6713   0.6639   0.4668   0.8381   0.6205   0.7342
grad vec:      1.5988     -4.1351     -3.0287      1.1078      1.1655     18.5613      2.1333     -3.3189
curr val 442.0721 at   -0.2167   0.4364   0.6492   0.6535   0.4699   0.7810   0.5949   0.7296
grad vec:      1.1143     -0.3921     -3.9672      1.9554      2.8388     -0.4919      1.4988     -1.6678
curr val 442.0131 at   -0.2197   0.4381   0.6572   0.6505   0.4593   0.7836   0.5919   0.7325
grad vec:      0.6033      0.1997     -1.6752      0.8589      1.5150      0.3289      0.7605     -0.2395
curr val 441.9943 at   -0.2235   0.4374   0.6605   0.6447   0.4439   0.7822   0.5841   0.7292
grad vec:     -0.0660     -0.1289     -0.1396      0.0690      0.0697      0.2211      0.1140     -0.0857
curr val 441.9943 at   -0.2233   0.4381   0.6607   0.6442   0.4429   0.7815   0.5830   0.7290
grad vec:      0.0007      0.0126      0.0075      0.0010     -0.0015      0.0673      0.0086     -0.0081
curr val 441.9944 at   -0.2233   0.4381   0.6606   0.6441   0.4428   0.7812   0.5829   0.7290
curr val 441.9943 at   -0.2233   0.4381   0.6607   0.6442   0.4429   0.7814   0.5830   0.7290

Neg log-likelihood = 441.9943, end code =   0

Parameter estimates and standard errors
   -0.2233   0.0686
    0.4381   0.0704
    0.6607   0.0733
    0.6442   0.0779
    0.4429   0.1002
    0.7814   0.0590
    0.5830   0.0862
    0.7290   0.0710

Estimated asymptotic covariance matrix
   0.004702  -0.000356   0.000309   0.000139   0.000643  -0.000033   0.000533   0.000262
  -0.000356   0.004953  -0.000663  -0.000107  -0.000649  -0.000320  -0.000777  -0.000974
   0.000309  -0.000663   0.005369   0.002584   0.001984   0.000991   0.000967   0.000830
   0.000139  -0.000107   0.002584   0.006068   0.002966   0.001237   0.001476   0.000930
   0.000643  -0.000649   0.001984   0.002966   0.010042   0.001092   0.002706   0.002079
  -0.000033  -0.000320   0.000991   0.001237   0.001092   0.003477   0.001895   0.000464
   0.000533  -0.000777   0.000967   0.001476   0.002706   0.001895   0.007437   0.002745
   0.000262  -0.000974   0.000830   0.000930   0.002079   0.000464   0.002745   0.005037
$negloglik
[1] 441.9943

$mle
[1] -0.2232676  0.4381349  0.6607355  0.6442062  0.4428813  0.7814484  0.5830138
[8]  0.7289764

$beta
[1] -0.2232676  0.4381349

$R
          [,1]      [,2]      [,3]      [,4]
[1,] 1.0000000 0.6607355 0.6442062 0.4428813
[2,] 0.6607355 1.0000000 0.7814484 0.5830138
[3,] 0.6442062 0.7814484 1.0000000 0.7289764
[4,] 0.4428813 0.5830138 0.7289764 1.0000000

$cov
              [,1]          [,2]          [,3]          [,4]          [,5]
[1,]  4.702219e-03 -0.0003561946  0.0003086376  0.0001388866  0.0006433501
[2,] -3.561946e-04  0.0049527456 -0.0006632185 -0.0001065608 -0.0006493261
[3,]  3.086376e-04 -0.0006632185  0.0053685309  0.0025835111  0.0019835069
[4,]  1.388866e-04 -0.0001065608  0.0025835111  0.0060675313  0.0029659025
[5,]  6.433501e-04 -0.0006493261  0.0019835069  0.0029659025  0.0100420234
[6,] -3.278633e-05 -0.0003196589  0.0009905813  0.0012374936  0.0010919747
[7,]  5.332365e-04 -0.0007771204  0.0009671167  0.0014759749  0.0027060859
[8,]  2.621779e-04 -0.0009737255  0.0008303531  0.0009297357  0.0020790821
              [,6]          [,7]          [,8]
[1,] -3.278633e-05  0.0005332365  0.0002621779
[2,] -3.196589e-04 -0.0007771204 -0.0009737255
[3,]  9.905813e-04  0.0009671167  0.0008303531
[4,]  1.237494e-03  0.0014759749  0.0009297357
[5,]  1.091975e-03  0.0027060859  0.0020790821
[6,]  3.477027e-03  0.0018951142  0.0004639514
[7,]  1.895114e-03  0.0074367188  0.0027452200
[8,]  4.639514e-04  0.0027452200  0.0050372513

============================================================
mprobit.exch: x,x^2
Initial theta's from glm.fit: 
                      x          x2             
-0.21165263  0.46078310 -0.01617002  0.40000000 
#clusters=200 before quasi-Newton
curr val 458.3361 at   -0.2117   0.4608  -0.0162   0.4000
grad vec:      0.9547     -1.8977      1.6186    -82.6416
curr val 480.1405 at   -0.2174   0.4723  -0.0260   0.8997
curr val 451.6327 at   -0.2128   0.4631  -0.0181   0.4999
grad vec:     -0.5229     -0.2666      1.4000    -51.4256
curr val 469.9635 at    0.1585   0.1599  -0.1500   0.5532
curr val 451.8695 at   -0.1385   0.4024  -0.0445   0.5106
curr val 451.5449 at   -0.1980   0.4510  -0.0234   0.5021
grad vec:      2.5792     -2.2809      2.0852    -51.1709
curr val 459.3391 at   -0.1886   0.3061  -0.4991   0.5530
curr val 451.3225 at   -0.1961   0.4220  -0.1185   0.5123
grad vec:     -4.6183     -7.8776     -5.0323    -48.2029
curr val 457.8291 at    0.0324   0.6471  -0.4961   0.5802
curr val 450.8990 at   -0.1504   0.4670  -0.1941   0.5259
grad vec:      0.9462      0.3067     -6.9404    -42.9725
curr val 468.9737 at   -0.2692   0.4044   0.1403   0.8725
curr val 448.3167 at   -0.1742   0.4545  -0.1272   0.5952
grad vec:     -0.7727      0.3599     -4.3844    -19.8448
curr val 447.6426 at   -0.1946   0.4401  -0.0394   0.6555
grad vec:     -0.2728      0.7020      0.7560      3.8234
curr val 447.6212 at   -0.1896   0.4386  -0.0538   0.6462
grad vec:     -0.0297     -0.1832     -0.0745     -0.4323
curr val 447.6209 at   -0.1897   0.4393  -0.0530   0.6471
grad vec:     -0.0054      0.0176     -0.0097     -0.0023
curr val 447.6209 at   -0.1898   0.4392  -0.0528   0.6472
grad vec:     -0.0006     -0.0029      0.0018      0.0004
curr val 447.6209 at   -0.1898   0.4392  -0.0528   0.6472
grad vec:     -0.0001     -0.0001     -0.0001      0.0001

Neg log-likelihood = 447.6209, end code =   0

Parameter estimates and standard errors
   -0.1898   0.0772
    0.4392   0.0721
   -0.0528   0.1315
    0.6472   0.0501

Estimated asymptotic covariance matrix
   0.005962  -0.000250  -0.005473   0.000321
  -0.000250   0.005191   0.000166  -0.000809
  -0.005473   0.000166   0.017297  -0.000336
   0.000321  -0.000809  -0.000336   0.002514
$negloglik
[1] 447.6209

$beta
[1] -0.18975402  0.43921852 -0.05283664

$rho
[1] 0.6471538

$cov
              [,1]          [,2]          [,3]          [,4]
[1,]  0.0059615273 -0.0002501757 -0.0054730243  0.0003208936
[2,] -0.0002501757  0.0051912127  0.0001655925 -0.0008085944
[3,] -0.0054730243  0.0001655925  0.0172965639 -0.0003357640
[4,]  0.0003208936 -0.0008085944 -0.0003357640  0.0025142437

============================================================
mprobit.ar: x,x^2
Initial theta's from glm.fit 
                      x          x2             
-0.21165263  0.46078310 -0.01617002  0.40000000 
#clusters=200 before quasi-Newton
curr val 467.5583 at   -0.2117   0.4608  -0.0162   0.4000
grad vec:      4.0731      1.1242      2.1506   -113.9096
curr val 457.4060 at   -0.2295   0.4559  -0.0256   0.8996
grad vec:     -8.3255     18.0722     -0.3349    247.4001
curr val 489.9203 at   -0.2418  -0.0332  -0.1289   0.8955
curr val 456.8610 at   -0.2320   0.3580  -0.0463   0.8988
grad vec:    -10.5856     -9.7007     -4.0475    223.9279
curr val 455.8885 at    0.1342   0.5281  -0.2692   0.7056
grad vec:     64.3059     19.2471      6.5996    -29.4624
curr val 462.4853 at   -0.3079   0.6826  -0.4000   0.5892
curr val 452.4201 at    0.0458   0.5590  -0.2953   0.6823
grad vec:     43.5035     23.4443     -0.1854    -31.5723
curr val 452.0476 at   -0.1157   0.5302   0.1762   0.6551
grad vec:     40.7381     19.1566     25.2257    -46.0061
curr val 445.2137 at   -0.1808   0.4605  -0.0585   0.6921
grad vec:      5.6700      5.9504      0.9959    -27.8934
curr val 444.3652 at   -0.1866   0.4074  -0.0735   0.7353
grad vec:      1.9151     -3.9256     -1.8290     -6.8790
curr val 444.2670 at   -0.2040   0.4126  -0.0403   0.7426
grad vec:      0.1756     -2.1234     -0.0003     -1.7863
curr val 444.2537 at   -0.2050   0.4206  -0.0400   0.7445
grad vec:     -0.0101     -0.3215     -0.0409     -0.1153
curr val 444.2532 at   -0.2052   0.4221  -0.0394   0.7446
grad vec:     -0.0044     -0.0036     -0.0208     -0.0118
curr val 444.2532 at   -0.2053   0.4221  -0.0391   0.7446
grad vec:     -0.0006      0.0079      0.0011      0.0077
curr val 444.2532 at   -0.2053   0.4221  -0.0391   0.7446

Neg log-likelihood = 444.2532, end code =   0

Parameter estimates and standard errors
   -0.2053   0.0760
    0.4221   0.0673
   -0.0391   0.1215
    0.7446   0.0412

Estimated asymptotic covariance matrix
   0.005776  -0.000152  -0.004544   0.000376
  -0.000152   0.004536  -0.000475  -0.000565
  -0.004544  -0.000475   0.014767  -0.000426
   0.000376  -0.000565  -0.000426   0.001701
$negloglik
[1] 444.2532

$beta
[1] -0.20526457  0.42210174 -0.03911285

$rho
[1] 0.7446002

$cov
              [,1]          [,2]          [,3]          [,4]
[1,]  0.0057764604 -0.0001522806 -0.0045441018  0.0003757120
[2,] -0.0001522806  0.0045359893 -0.0004748524 -0.0005648765
[3,] -0.0045441018 -0.0004748524  0.0147672152 -0.0004258249
[4,]  0.0003757120 -0.0005648765 -0.0004258249  0.0017014801

============================================================
ordprobit.exch with 2 categories
Initial theta's: 
                    x            
 0.2167688 -0.4604510  0.4000000 
#clusters=200, before quasi-Newton
curr val 458.3640 at    0.2168  -0.4605   0.4000
grad vec:     -0.9209      1.9229    -82.5887
curr val 480.3133 at    0.2223  -0.4721   0.8998
curr val 451.6680 at    0.2179  -0.4628   0.5000
grad vec:      0.3950      0.2755    -51.3600
curr val 474.3798 at   -0.1425  -0.1208   0.5564
curr val 452.0867 at    0.1458  -0.3944   0.5113
curr val 451.5903 at    0.2035  -0.4491   0.5022
grad vec:     -3.0402      2.4935    -51.1417
curr val 472.7862 at    0.4677  -0.0456   0.6341
curr val 451.3413 at    0.2563  -0.3684   0.5286
grad vec:     10.6533     17.2963    -43.4136
curr val 881.3570 at    0.1620  -0.5320   0.9916
curr val 448.1344 at    0.2374  -0.4011   0.6212
grad vec:      6.7359      9.1476    -11.5739
curr val 447.7248 at    0.2097  -0.4458   0.6534
grad vec:      0.7992     -1.9075      3.4278
curr val 447.7054 at    0.2065  -0.4385   0.6459
grad vec:      0.0333      0.0366     -0.3521
curr val 447.7053 at    0.2063  -0.4384   0.6467
grad vec:      0.0055      0.0111     -0.0003
curr val 447.7053 at    0.2063  -0.4385   0.6467
curr val 447.7053 at    0.2063  -0.4384   0.6467

Neg log-likelihood = 447.7053, end code =   0

Parameter estimates and standard errors
    0.2063   0.0674
   -0.4384   0.0719
    0.6467   0.0488

Estimated asymptotic covariance matrix
   0.004549  -0.000147  -0.000208
  -0.000147   0.005163   0.000624
  -0.000208   0.000624   0.002377
$negloglik
[1] 447.7053

$cutpts
[1] 0.2062929

$beta
[1] -0.4384038

$rho
[1] 0.6467434

$cov
              [,1]          [,2]          [,3]
[1,]  0.0045485260 -0.0001469298 -0.0002079841
[2,] -0.0001469298  0.0051628527  0.0006242584
[3,] -0.0002079841  0.0006242584  0.0023768312

============================================================
ordprobit.ar with 2 categories
Initial theta's: 
                    x            
 0.2167688 -0.4604510  0.4000000 
#clusters=200, before quasi-Newton
curr val 467.5779 at    0.2168  -0.4605   0.4000
grad vec:     -3.7399     -0.9742   -113.8684
curr val 457.5000 at    0.2332  -0.4562   0.8997
grad vec:      7.7281    -18.4028    249.0530
curr val 490.1080 at    0.2441   0.0437   0.8968
curr val 456.9185 at    0.2354  -0.3562   0.8991
grad vec:      8.7743      9.6396    225.5914
curr val 463.9450 at   -0.0558  -0.6165   0.5869
curr val 447.7408 at    0.1771  -0.4083   0.8367
grad vec:     -5.2131      1.0265     81.3343
curr val 467.4166 at    0.6717  -0.4655   0.7907
curr val 447.4849 at    0.2761  -0.4197   0.8275
grad vec:     14.4806     -0.4622     72.0323
curr val 445.3412 at    0.2217  -0.4288   0.7972
grad vec:      2.3915     -4.0877     42.6078
curr val 444.3558 at    0.2048  -0.4178   0.7558
grad vec:     -2.2419      0.4238      6.9274
curr val 444.3084 at    0.2153  -0.4215   0.7471
grad vec:     -0.1509      0.0236      1.4845
curr val 444.3071 at    0.2164  -0.4220   0.7449
grad vec:      0.0331     -0.0060      0.1144
curr val 444.3072 at    0.2163  -0.4220   0.7447
curr val 444.3072 at    0.2164  -0.4220   0.7449

Neg log-likelihood = 444.3071, end code =   0

Parameter estimates and standard errors
    0.2164   0.0641
   -0.4220   0.0585
    0.7449   0.0399

Estimated asymptotic covariance matrix
   0.004107  -0.000422  -0.000219
  -0.000422   0.003421   0.000250
  -0.000219   0.000250   0.001589
$negloglik
[1] 444.3071

$cutpts
[1] 0.2163952

$beta
[1] -0.4219717

$rho
[1] 0.7449075

$cov
              [,1]          [,2]          [,3]
[1,]  0.0041065377 -0.0004222364 -0.0002188120
[2,] -0.0004222364  0.0034212086  0.0002498177
[3,] -0.0002188120  0.0002498177  0.0015894537

============================================================
ordprobit.unstr with 2 categories
Initial theta's: 
                    x                                                        
 0.2167688 -0.4604510  0.4000000  0.4000000  0.4000000  0.4000000  0.4000000 
           
 0.4000000 
#clusters=200
curr val 458.4996 at    0.2168  -0.4605   0.4000   0.4000   0.4000   0.4000   0.4000   0.4000
grad vec:     -0.2168      1.4276    -17.4040    -10.7974      6.8352    -30.0589     -4.1604    -25.9527
curr val 444.0867 at    0.2192  -0.4762   0.5916   0.5189   0.3247   0.7309   0.4458   0.6857
grad vec:     -3.0406     -5.4969     -1.5332    -13.2324     -2.1378      1.8191    -13.0822      1.6947
curr val 460.9388 at    0.2895  -0.3553   0.6869   0.8591   0.3500   0.7934   0.7596   0.7368
curr val 442.8129 at    0.2332  -0.4520   0.6107   0.5869   0.3298   0.7434   0.5086   0.6959
grad vec:      0.6071     -0.2006     -3.0068     -2.5992     -6.5528     -3.2492     -4.4571     -0.5777
curr val 451.6541 at    0.1868  -0.4543   0.7442   0.6742   0.7292   0.8725   0.7225   0.6751
curr val 442.2570 at    0.2239  -0.4525   0.6374   0.6044   0.4097   0.7692   0.5513   0.6918
grad vec:      0.0576     -1.8271     -0.8382     -4.7160     -0.0876      0.8143     -1.4779     -5.3544
curr val 475.2538 at    0.1209  -0.3960   0.6636   0.7416   0.7472   0.6271   0.5661   0.9787
curr val 442.4526 at    0.2033  -0.4412   0.6426   0.6318   0.4772   0.7408   0.5543   0.7491
curr val 442.1834 at    0.2198  -0.4502   0.6384   0.6099   0.4232   0.7635   0.5519   0.7032
grad vec:     -0.7836     -1.5337     -1.1599     -4.1347      0.9468     -1.0318     -2.2620     -3.2044
curr val 485.2735 at    0.5428  -0.2272   0.4932   0.6404   0.5982   0.9245   0.4935   0.8215
curr val 443.1413 at    0.2844  -0.4056   0.6094   0.6160   0.4582   0.7957   0.5402   0.7269
curr val 442.1929 at    0.2327  -0.4413   0.6326   0.6111   0.4302   0.7700   0.5496   0.7080
curr val 442.1781 at    0.2224  -0.4484   0.6373   0.6101   0.4246   0.7648   0.5515   0.7042
grad vec:     -0.2097     -1.1972     -1.4686     -4.1438      1.1396     -0.5069     -2.5487     -2.9998
curr val 466.9191 at    0.3021  -0.3951   0.8704   0.6543   0.4683   0.8111   0.7774   0.9166
curr val 442.2584 at    0.2383  -0.4378   0.6839   0.6189   0.4333   0.7741   0.5967   0.7467
curr val 442.1193 at    0.2256  -0.4463   0.6466   0.6119   0.4263   0.7667   0.5605   0.7127
grad vec:      0.6334     -1.1277      0.1844     -4.5299      0.6890     -0.8827     -1.6295     -1.8064
curr val 1000000000.0000 at    0.0306  -0.4222   0.6843   0.9252   0.4837   1.0041   0.7226   0.8736
curr val 442.4289 at    0.1866  -0.4415   0.6541   0.6745   0.4378   0.8142   0.5929   0.7449
curr val 442.0539 at    0.2178  -0.4453   0.6481   0.6244   0.4286   0.7762   0.5670   0.7191
grad vec:     -1.2406     -1.0411     -0.7650     -2.5711      0.0835      0.9610     -1.7183     -0.6596
curr val 470.7242 at    0.3444  -0.6012   0.8731   0.9392   0.5020   0.7657   0.3480   0.6387
curr val 442.6630 at    0.2431  -0.4765   0.6931   0.6874   0.4433   0.7741   0.5232   0.7030
curr val 442.0572 at    0.2229  -0.4516   0.6571   0.6370   0.4316   0.7758   0.5582   0.7159
curr val 442.0504 at    0.2188  -0.4466   0.6499   0.6269   0.4292   0.7761   0.5652   0.7185
grad vec:     -1.0347     -1.2788     -0.5233     -2.2831      0.1261      0.8918     -1.9405     -0.7307
curr val 444.5744 at    0.1807  -0.3156   0.7418   0.6607   0.4482   0.7838   0.5333   0.6912
curr val 442.1185 at    0.2112  -0.4204   0.6683   0.6337   0.4330   0.7776   0.5589   0.7130
curr val 442.0473 at    0.2173  -0.4413   0.6536   0.6283   0.4300   0.7764   0.5640   0.7174
grad vec:     -1.3011     -0.2620      0.0071     -2.2237      0.0829      0.8827     -2.1196     -0.9780
curr val 445.0373 at    0.2585  -0.4099   0.6928   0.7605   0.5418   0.7971   0.7171   0.7940
curr val 442.0156 at    0.2255  -0.4350   0.6614   0.6547   0.4523   0.7805   0.5946   0.7327
grad vec:      0.8801      0.8033     -0.7374      2.0666      0.0980     -1.5866      1.9867     -0.3279
curr val 441.9946 at    0.2223  -0.4392   0.6609   0.6438   0.4425   0.7812   0.5822   0.7293
grad vec:     -0.0086     -0.0310      0.0976     -0.0939     -0.0195      0.0568     -0.1572      0.1773
curr val 441.9944 at    0.2223  -0.4391   0.6605   0.6441   0.4429   0.7811   0.5828   0.7287
grad vec:     -0.0056      0.0002     -0.0216     -0.0025      0.0147      0.0097      0.0021     -0.0357
curr val 441.9944 at    0.2223  -0.4391   0.6606   0.6441   0.4428   0.7811   0.5829   0.7289
grad vec:      0.0005     -0.0027      0.0008      0.0015     -0.0059     -0.0027      0.0020      0.0012
curr val 441.9944 at    0.2223  -0.4391   0.6606   0.6441   0.4429   0.7812   0.5829   0.7289
grad vec:      0.0003     -0.0005      0.0007     -0.0001     -0.0001      0.0002     -0.0003      0.0015

Neg log-likelihood = 441.9944, end code =   0

Parameter estimates and standard errors
    0.2223   0.0673
   -0.4390   0.0727
    0.6606   0.0793
    0.6441   0.0835
    0.4429   0.1013
    0.7812   0.0649
    0.5829   0.0909
    0.7289   0.0727

Estimated asymptotic covariance matrix
   0.004528  -0.000206  -0.000396   0.000075  -0.000681  -0.000163  -0.000490   0.000120
  -0.000206   0.005286   0.000607   0.000056   0.000986   0.000041   0.000462   0.000484
  -0.000396   0.000607   0.006282   0.002898   0.002236   0.001406   0.001174   0.000645
   0.000075   0.000056   0.002898   0.006975   0.002801   0.001514   0.000727   0.000785
  -0.000681   0.000986   0.002236   0.002801   0.010265   0.000675   0.003097   0.001921
  -0.000163   0.000041   0.001406   0.001514   0.000675   0.004215   0.002152   0.000720
  -0.000490   0.000462   0.001174   0.000727   0.003097   0.002152   0.008265   0.002905
   0.000120   0.000484   0.000645   0.000785   0.001921   0.000720   0.002905   0.005287
$negloglik
[1] 441.9944

$mle
[1]  0.2222977 -0.4390486  0.6605765  0.6441304  0.4428975  0.7811524  0.5828668
[8]  0.7288950

$cutpts
[1] 0.2222977

$beta
[1] -0.4390486

$R
          [,1]      [,2]      [,3]      [,4]
[1,] 1.0000000 0.6605765 0.6441304 0.4428975
[2,] 0.6605765 1.0000000 0.7811524 0.5828668
[3,] 0.6441304 0.7811524 1.0000000 0.7288950
[4,] 0.4428975 0.5828668 0.7288950 1.0000000

$cov
              [,1]          [,2]          [,3]         [,4]          [,5]
[1,]  4.528154e-03 -2.055259e-04 -0.0003961187 7.452807e-05 -0.0006813274
[2,] -2.055259e-04  5.286469e-03  0.0006065226 5.646545e-05  0.0009861058
[3,] -3.961187e-04  6.065226e-04  0.0062816231 2.897513e-03  0.0022361491
[4,]  7.452807e-05  5.646545e-05  0.0028975131 6.974950e-03  0.0028010356
[5,] -6.813274e-04  9.861058e-04  0.0022361491 2.801036e-03  0.0102650836
[6,] -1.633319e-04  4.129587e-05  0.0014055495 1.513933e-03  0.0006747296
[7,] -4.895954e-04  4.617527e-04  0.0011735592 7.273199e-04  0.0030971394
[8,]  1.201950e-04  4.837185e-04  0.0006450624 7.853660e-04  0.0019214675
              [,6]          [,7]         [,8]
[1,] -1.633319e-04 -0.0004895954 0.0001201950
[2,]  4.129587e-05  0.0004617527 0.0004837185
[3,]  1.405549e-03  0.0011735592 0.0006450624
[4,]  1.513933e-03  0.0007273199 0.0007853660
[5,]  6.747296e-04  0.0030971394 0.0019214675
[6,]  4.214730e-03  0.0021519255 0.0007200671
[7,]  2.151926e-03  0.0082654778 0.0029053440
[8,]  7.200671e-04  0.0029053440 0.0052869374

============================================================
mprobit.exch: subset, unequal cluster sizes
Initial theta's from glm.fit: 
                    x            
-0.2134347  0.4288143  0.4000000 
#clusters=200 before quasi-Newton
curr val 430.7307 at   -0.2134   0.4288   0.4000
grad vec:      0.6983     -1.0612    -84.7515
curr val 443.4537 at   -0.2176   0.4351   0.8999
curr val 423.6564 at   -0.2143   0.4301   0.5000
grad vec:     -0.4265      0.1500    -56.7880
curr val 444.9785 at    0.1438   0.0856   0.5562
curr val 423.9487 at   -0.1427   0.3612   0.5112
curr val 423.5592 at   -0.1999   0.4163   0.5022
grad vec:      2.8704     -2.0086    -56.5280
curr val 441.7016 at   -0.4654   0.0185   0.6483
curr val 422.9160 at   -0.2530   0.3367   0.5314
grad vec:    -10.2877    -15.5544    -48.6788
curr val 735.2989 at   -0.1539   0.5094   0.9901
curr val 419.1223 at   -0.2332   0.3713   0.6232
grad vec:     -6.2479     -7.9650    -20.3696
curr val 418.4226 at   -0.2050   0.4102   0.6888
grad vec:     -0.9513      2.7728      7.1667
curr val 418.3585 at   -0.2019   0.3999   0.6722
grad vec:     -0.1062     -0.2961     -0.9608
curr val 418.3572 at   -0.2013   0.4007   0.6742
grad vec:     -0.0154     -0.0211     -0.0413
curr val 418.3572 at   -0.2012   0.4008   0.6743
grad vec:     -0.0006      0.0012     -0.0000

Neg log-likelihood = 418.3572, end code =   0

Parameter estimates and standard errors
   -0.2012   0.0681
    0.4008   0.0739
    0.6743   0.0499

Estimated asymptotic covariance matrix
   0.004639  -0.000181   0.000280
  -0.000181   0.005456  -0.000852
   0.000280  -0.000852   0.002486
$negloglik
[1] 418.3572

$beta
[1] -0.2012068  0.4007732

$rho
[1] 0.6743362

$cov
              [,1]          [,2]          [,3]
[1,]  0.0046391691 -0.0001813661  0.0002803972
[2,] -0.0001813661  0.0054562462 -0.0008519687
[3,]  0.0002803972 -0.0008519687  0.0024860870

============================================================
mprobit.ar: subset, unequal cluster sizes
Initial theta's from glm.fit 
                    x            
-0.2134347  0.4288143  0.4000000 
#clusters=200 before quasi-Newton
curr val 438.8257 at   -0.2134   0.4288   0.4000
grad vec:      2.9184      0.5169   -112.3579
curr val 424.7626 at   -0.2264   0.4265   0.8998
grad vec:     -6.7733     18.6529    216.3758
curr val 458.5317 at   -0.1972  -0.0726   0.9038
curr val 424.2821 at   -0.2206   0.3267   0.9006
grad vec:     -6.3290     -6.5654    202.8032
curr val 437.0054 at    0.1394   0.5049   0.6029
curr val 416.7083 at   -0.1486   0.3623   0.8411
grad vec:      9.6948     -0.2437     73.2461
curr val 433.7068 at   -0.6442   0.3880   0.7801
curr val 415.8897 at   -0.2477   0.3675   0.8289
grad vec:     -9.3135     -0.6200     59.9070
curr val 414.4679 at   -0.2178   0.3752   0.8003
grad vec:     -2.7240     -0.4575     29.4995
curr val 413.9670 at   -0.2071   0.3845   0.7722
grad vec:      0.1471     -0.1274      6.5359
curr val 413.9387 at   -0.2087   0.3875   0.7640
grad vec:     -0.0044      0.1171      1.0900
curr val 413.9383 at   -0.2088   0.3874   0.7625
grad vec:      0.0017      0.0470      0.0760
curr val 413.9383 at   -0.2088   0.3873   0.7624
curr val 413.9383 at   -0.2088   0.3874   0.7625

Neg log-likelihood = 413.9383, end code =   0

Parameter estimates and standard errors
   -0.2088   0.0698
    0.3874   0.0631
    0.7625   0.0395

Estimated asymptotic covariance matrix
   0.004866  -0.000167   0.000167
  -0.000167   0.003977  -0.000209
   0.000167  -0.000209   0.001559
$negloglik
[1] 413.9383

$beta
[1] -0.2088232  0.3874282

$rho
[1] 0.7624694

$cov
              [,1]          [,2]          [,3]
[1,]  0.0048663706 -0.0001671595  0.0001669285
[2,] -0.0001671595  0.0039767951 -0.0002085714
[3,]  0.0001669285 -0.0002085714  0.0015588912

============================================================
Testing error messages

